
[2025-02-06 20:02:36] [INFO] Successfully created User.xml
[2025-02-06 20:02:36] [INFO] Successfully created User.xml
[2025-02-06 20:26:46] [INFO] Successfully created User.xml
[2025-02-06 20:26:46] [INFO] Successfully created User.xml
[2025-02-06 20:27:30] [INFO] Successfully created User.xml
[2025-02-06 20:27:30] [INFO] Successfully created User.xml
[2025-02-06 20:27:39] [INFO] Successfully created User.xml
[2025-02-06 20:27:39] [INFO] Successfully created User.xml
[2025-02-06 20:27:43] [INFO] Successfully created User.xml
[2025-02-06 20:27:43] [INFO] Successfully created User.xml
[2025-02-11 17:39:34] [INFO] Successfully created User.xml
[2025-02-11 17:39:34] [INFO] Successfully created User.xml
[2025-02-11 17:39:34] [INFO] Successfully created User.xml
[2025-02-11 17:39:34] [INFO] Successfully created User.xml
[2025-02-11 17:43:27] [INFO] Successfully created User.xml
[2025-02-11 17:43:27] [INFO] Successfully created User.xml
[2025-02-11 17:43:27] [INFO] Successfully created User.xml
[2025-02-11 17:43:27] [INFO] Successfully created User.xml
[2025-02-11 17:44:12] [INFO] Successfully created User.xml
[2025-02-11 17:44:12] [INFO] Successfully created User.xml
[2025-02-11 17:44:12] [INFO] Successfully created User.xml
[2025-02-11 17:44:12] [INFO] Successfully created User.xml
[2025-02-11 17:45:43] [INFO] Successfully created User.xml
[2025-02-11 17:45:43] [INFO] Successfully created User.xml
[2025-02-11 17:45:43] [INFO] Successfully created User.xml
[2025-02-11 17:45:43] [INFO] Successfully created User.xml
[2025-02-11 17:45:46] [INFO] Successfully created User.xml
[2025-02-11 17:45:46] [INFO] Successfully created User.xml
[2025-02-11 17:45:46] [INFO] Successfully created User.xml
[2025-02-11 17:45:46] [INFO] Successfully created User.xml
[2025-02-11 17:46:29] [INFO] Successfully created User.xml
[2025-02-11 17:46:29] [INFO] Successfully created User.xml
[2025-02-11 17:46:29] [INFO] Successfully created User.xml
[2025-02-11 17:46:29] [INFO] Successfully created User.xml
[2025-02-11 17:50:08] [INFO] Successfully created User.xml
[2025-02-11 17:50:08] [INFO] Successfully created User.xml
[2025-02-11 17:50:08] [INFO] Successfully created User.xml
[2025-02-11 17:50:08] [INFO] Successfully created User.xml
[2025-02-11 17:57:25] [INFO] Successfully created User.xml
[2025-02-11 17:57:25] [INFO] Successfully created User.xml
[2025-02-11 17:57:25] [INFO] Successfully created User.xml
[2025-02-11 17:57:25] [INFO] Successfully created User.xml
[2025-02-11 17:58:35] [INFO] Successfully created User.xml
[2025-02-11 17:58:35] [INFO] Successfully created User.xml
[2025-02-11 17:58:35] [INFO] Successfully created User.xml
[2025-02-13 19:45:30] [SEVERE] java.io.FileNotFoundException: C:\Users\Jeobele\IdeaProjects\borrowingsystemintegrativeprogramming\.\res\Server\User\User.xml (The system cannot find the path specified)
[2025-02-13 19:45:41] [INFO] Successfully created User.xml
[2025-02-16 01:14:17] [WARNING] Create an account first
[2025-02-16 01:14:17] [WARNING] Create an account first
[2025-02-16 01:14:17] [WARNING] Incorrect Password, Try again
[2025-02-16 01:14:17] [WARNING] Incorrect Password, Try again
[2025-02-16 01:31:06] [INFO] Successfully Log in
[2025-02-16 01:31:06] [WARNING] Incorrect Password, Try again
[2025-02-16 12:25:25] [INFO] Successfully Log in
[2025-02-16 12:30:49] [WARNING] Create an account first
[2025-02-16 13:25:23] [WARNING] Incorrect Password, Try again
[2025-02-16 13:28:43] [WARNING] Incorrect Password, Try again
[2025-02-16 13:47:19] [WARNING] Incorrect Password, Try again
[2025-02-16 13:58:38] [WARNING] Incorrect Password, Try again
[2025-02-16 14:00:46] [WARNING] Incorrect Password, Try again
[2025-02-16 14:07:34] [WARNING] Incorrect Password, Try again
[2025-02-16 14:07:34] [WARNING] Incorrect Password, Try again
[2025-02-16 14:13:20] [WARNING] Incorrect Password, Try again
[2025-02-16 14:13:20] [WARNING] Incorrect Password, Try again
[2025-02-16 14:21:29] [WARNING] Incorrect Password, Try again
[2025-02-16 14:25:57] [WARNING] Incorrect Password, Try again
[2025-02-16 14:30:04] [WARNING] Incorrect Password, Try again
[2025-02-16 14:30:04] [WARNING] Incorrect Password, Try again
[2025-02-16 14:32:31] [WARNING] Incorrect Password, Try again
[2025-02-16 14:34:07] [WARNING] Incorrect Password, Try again
[2025-02-16 14:38:31] [WARNING] Incorrect Password, Try again
[2025-02-16 14:39:06] [WARNING] Incorrect Password, Try again
[2025-02-16 14:40:19] [WARNING] Incorrect Password, Try again
[2025-02-16 14:43:28] [WARNING] Incorrect Password, Try again
[2025-02-16 14:43:28] [WARNING] Incorrect Password, Try again
[2025-02-16 14:43:28] [INFO] Successfully Log in
[2025-02-16 14:45:37] [INFO] Successfully Log in
[2025-02-16 14:46:04] [WARNING] Incorrect Password, Try again
[2025-02-16 14:46:04] [WARNING] Incorrect Password, Try again
[2025-02-16 14:49:56] [WARNING] Incorrect Password, Try again
[2025-02-16 15:09:45] [INFO] Successfully Log in
[2025-02-16 15:09:45] [WARNING] Incorrect Password, Try again
[2025-02-16 15:09:45] [WARNING] Incorrect Password, Try again
[2025-02-16 15:09:45] [INFO] Successfully Log in
[2025-02-16 15:14:42] [INFO] Successfully Log in
[2025-02-16 15:15:31] [INFO] Successfully Log in
[2025-02-16 15:23:32] [WARNING] Incorrect Password, Try again
[2025-02-16 15:23:32] [WARNING] Create an account first
[2025-02-16 15:23:32] [WARNING] Create an account first
[2025-02-16 15:23:32] [INFO] Successfully Log in
[2025-02-16 15:23:32] [INFO] Successfully Log in
[2025-02-16 15:27:03] [INFO] Successfully Log in
[2025-02-16 15:32:13] [INFO] Successfully Log in
[2025-02-16 15:32:13] [WARNING] Create an account first
[2025-02-16 15:32:13] [INFO] Successfully Log in
[2025-02-16 15:32:13] [INFO] Successfully Log in
[2025-02-16 15:32:13] [INFO] Successfully Log in
[2025-02-16 16:17:08] [INFO] Successfully Log in
[2025-02-16 16:17:08] [INFO] Successfully Log in
[2025-02-16 16:17:08] [INFO] Successfully Log in
[2025-02-16 16:17:08] [WARNING] Create an account first
[2025-02-16 16:17:08] [WARNING] Create an account first
[2025-02-16 16:17:08] [INFO] Successfully Log in
[2025-02-16 16:17:08] [INFO] Successfully Log in
[2025-02-16 16:17:08] [INFO] Successfully Log in
[2025-02-16 16:17:08] [INFO] Successfully Log in
[2025-02-16 16:21:42] [INFO] Successfully Log in
[2025-02-16 16:21:42] [WARNING] Create an account first
[2025-02-16 16:21:42] [INFO] Successfully Log in
[2025-02-16 16:21:42] [INFO] Successfully Log in
[2025-02-16 16:44:43] [INFO] Successfully Log in
[2025-02-16 16:51:59] [INFO] Successfully Log in
[2025-02-16 16:51:59] [WARNING] Create an account first
[2025-02-16 16:51:59] [INFO] Successfully Log in
[2025-02-16 17:00:35] [INFO] Successfully Log in
[2025-02-16 17:00:35] [INFO] Successfully Log in
[2025-02-16 19:07:26] [WARNING] Incorrect Password, Try again
[2025-02-16 19:07:26] [WARNING] Incorrect Password, Try again
[2025-02-16 19:07:26] [WARNING] Incorrect Password, Try again
[2025-02-16 19:07:26] [WARNING] Incorrect Password, Try again
[2025-02-16 19:07:26] [WARNING] Incorrect Password, Try again
[2025-02-16 19:07:26] [INFO] Successfully Log in
